Microchip MPLAB XC8 Compiler V2.45

Linker command line:

-W-3 \
  --edf=C:\Program Files\Microchip\xc8\v2.45\pic\dat\20230818022343_en.msgs \
  -cn -h+dist/default/production\code.production.sym \
  --cmf=dist/default/production\code.production.cmf -z -Q18F25K80 \
  -oC:\Users\e1779425\AppData\Local\Temp\xcAs87s.\driver_tmp_3.o \
  --defsym=__MPLAB_BUILD=1 --fixupoverflow=error \
  -Mdist/default/production/code.production.map \
  --md=C:\Users\e1779425\AppData\Local\Temp\xcAs87s.\driver_tmp_0.dat -E1 \
  -ver=XC8 Compiler --acfsm=1493 -ACODE=00h-07FFFh -ACONST=00h-07FFFh \
  -ASMALLCONST=0F00h-0FFFhx113 -AMEDIUMCONST=0F00h-07FFFh -ACOMRAM=01h-05Fh \
  -AABS1=00h-0E40h -ABIGRAM=01h-0E40h \
  -ARAM=060h-0FFh,0100h-01FFhx13,0E00h-0E40h -ABANK0=060h-0FFh \
  -ABANK1=0100h-01FFh -ABANK2=0200h-02FFh -ABANK3=0300h-03FFh \
  -ABANK4=0400h-04FFh -ABANK5=0500h-05FFh -ABANK6=0600h-06FFh \
  -ABANK7=0700h-07FFh -ABANK8=0800h-08FFh -ABANK9=0900h-09FFh \
  -ABANK10=0A00h-0AFFh -ABANK11=0B00h-0BFFh -ABANK12=0C00h-0CFFh \
  -ABANK13=0D00h-0DFFh -ABANK14=0E00h-0E40h \
  -ASFR=0E41h-0EFFh,0F00h-0F5Fh,0F60h-0FFFh -ABIGSFR=0E41h-0FFFh \
  -ACONFIG=0300000h-030000Dh -AIDLOC=0200000h-0200007h \
  -AEEDATA=0F00000h-0F003FFh -peeprom_data=EEDATA \
  -preset_vec=00h,intcode,intcodelo,powerup,init -pramtop=0F00h \
  -psmallconst=SMALLCONST -pmediumconst=MEDIUMCONST -pconst=CONST \
  -AFARRAM=00h-00h \
  -prdata=COMRAM,nvrram=COMRAM,nvbit=COMRAM,rbss=COMRAM,rbit=COMRAM \
  -pfarbss=FARRAM,fardata=FARRAM,nvFARRAM=FARRAM \
  -pintsave_regs=BIGRAM,bigbss=BIGRAM,bigdata=BIGRAM -pbss=RAM \
  -pidata=CODE,irdata=CODE,ibigdata=CODE,ifardata=CODE -prparam=COMRAM \
  C:\Users\e1779425\AppData\Local\Temp\xcAs87s.\driver_tmp_9.o \
  dist/default/production\code.production.o 

Object code version is 3.11

Machine type is 18F25K80



                Name                               Link     Load   Length Selector   Space Scale
C:\Users\e1779425\AppData\Local\Temp\xcAs87s.\driver_tmp_9.o
                idloc                            200000   200000        8        0       5
                config                           300000   300000        E        0       4
                init                                  0        0        4        0       0
dist/default/production\code.production.o
                idloc                            200000   200000        8        0       5
                config                           300000   300000        E        0       4
                smallconst                          F00      F00       22      780       0
                text53                             179A     179A        4      791       0
                text52                             1796     1796        4      791       0
                text51                             1792     1792        4      791       0
                text50                             1598     1598       2C      791       0
                text49                             178E     178E        4      791       0
                text48                             178A     178A        4      791       0
                text47                             1786     1786        4      791       0
                text46                             15EC     15EC       24      791       0
                text45                             13BE     13BE       66      791       0
                text44                             1668     1668       18      791       0
                text43                             156C     156C       2C      791       0
                text42                             1540     1540       2C      791       0
                text41                             1514     1514       2C      791       0
                text40                             14E8     14E8       2C      791       0
                text39                             1468     1468       42      791       0
                text38                             1782     1782        4      791       0
                text37                             177E     177E        4      791       0
                text36                             177A     177A        4      791       0
                text35                             176C     176C        6      791       0
                text34                             1776     1776        4      791       0
                text33                             1766     1766        6      791       0
                text32                             175E     175E        8      791       0
                text31                             1680     1680       14      791       0
                text30                             1772     1772        4      791       0
                text29                             126E     126E       7E      791       0
                text28                             16FC     16FC        C      791       0
                text27                             16C6     16C6       10      791       0
                text26                             16B6     16B6       10      791       0
                text25                             1070     1070       C8      791       0
                text24                             1138     1138       A8      791       0
                text23                             16F0     16F0        C      791       0
                text22                             1756     1756        8      791       0
                text21                             174E     174E        8      791       0
                text20                             1746     1746        8      791       0
                text19                             173E     173E        8      791       0
                text18                             1736     1736        8      791       0
                text17                             172E     172E        8      791       0
                text16                             1726     1726        8      791       0
                text15                             16E4     16E4        C      791       0
                text14                             12EC     12EC       6C      791       0
                text13                             1358     1358       66      791       0
                text12                             16A6     16A6       10      791       0
                text11                             1632     1632       1E      791       0
                text10                             1424     1424       44      791       0
                text9                              1610     1610       22      791       0
                text8                              11E0     11E0       8E      791       0
                text7                              171C     171C        A      791       0
                text6                              1712     1712        A      791       0
                text5                              1708     1708        A      791       0
                text4                              14AA     14AA       3E      791       0
                text3                              1694     1694       12      791       0
                text2                              15C4     15C4       28      791       0
                text1                              16D6     16D6        E      791       0
                text0                               F22      F22      14E      791       0
                cstackCOMRAM                          1        1       4F        1       1
                bssBANK0                             60       60       24       60       1
                bssCOMRAM                            56       56        1        1       1
                cinit                              1650     1650       18      791       0
                nvCOMRAM                             50       50        6        1       1

TOTAL           Name                               Link     Load   Length     Space
        CLASS   CODE           
                init                                  0        0        4         0
                text53                             179A     179A        4         0
                text52                             1796     1796        4         0
                text51                             1792     1792        4         0
                text50                             1598     1598       2C         0
                text49                             178E     178E        4         0
                text48                             178A     178A        4         0
                text47                             1786     1786        4         0
                text46                             15EC     15EC       24         0
                text45                             13BE     13BE       66         0
                text44                             1668     1668       18         0
                text43                             156C     156C       2C         0
                text42                             1540     1540       2C         0
                text41                             1514     1514       2C         0
                text40                             14E8     14E8       2C         0
                text39                             1468     1468       42         0
                text38                             1782     1782        4         0
                text37                             177E     177E        4         0
                text36                             177A     177A        4         0
                text35                             176C     176C        6         0
                text34                             1776     1776        4         0
                text33                             1766     1766        6         0
                text32                             175E     175E        8         0
                text31                             1680     1680       14         0
                text30                             1772     1772        4         0
                text29                             126E     126E       7E         0
                text28                             16FC     16FC        C         0
                text27                             16C6     16C6       10         0
                text26                             16B6     16B6       10         0
                text25                             1070     1070       C8         0
                text24                             1138     1138       A8         0
                text23                             16F0     16F0        C         0
                text22                             1756     1756        8         0
                text21                             174E     174E        8         0
                text20                             1746     1746        8         0
                text19                             173E     173E        8         0
                text18                             1736     1736        8         0
                text17                             172E     172E        8         0
                text16                             1726     1726        8         0
                text15                             16E4     16E4        C         0
                text14                             12EC     12EC       6C         0
                text13                             1358     1358       66         0
                text12                             16A6     16A6       10         0
                text11                             1632     1632       1E         0
                text10                             1424     1424       44         0
                text9                              1610     1610       22         0
                text8                              11E0     11E0       8E         0
                text7                              171C     171C        A         0
                text6                              1712     1712        A         0
                text5                              1708     1708        A         0
                text4                              14AA     14AA       3E         0
                text3                              1694     1694       12         0
                text2                              15C4     15C4       28         0
                text1                              16D6     16D6        E         0
                text0                               F22      F22      14E         0
                cinit                              1650     1650       18         0

        CLASS   CONST          

        CLASS   SMALLCONST     
                smallconst                          F00      F00       22         0

        CLASS   MEDIUMCONST    

        CLASS   COMRAM         
                cstackCOMRAM                          1        1       4F         1
                bssCOMRAM                            56       56        1         1
                nvCOMRAM                             50       50        6         1

        CLASS   ABS1           

        CLASS   BIGRAM         

        CLASS   RAM            

        CLASS   BANK0          
                bssBANK0                             60       60       24         1

        CLASS   BANK1          

        CLASS   BANK2          

        CLASS   BANK3          

        CLASS   BANK4          

        CLASS   BANK5          

        CLASS   BANK6          

        CLASS   BANK7          

        CLASS   BANK8          

        CLASS   BANK9          

        CLASS   BANK10         

        CLASS   BANK11         

        CLASS   BANK12         

        CLASS   BANK13         

        CLASS   BANK14         

        CLASS   SFR            

        CLASS   BIGSFR         

        CLASS   CONFIG         
                config                           300000   300000        E         4

        CLASS   IDLOC          
                idloc                            200000   200000        8         5

        CLASS   EEDATA         

        CLASS   FARRAM         

        CLASS   HEAP           

        CLASS   STACK          



SEGMENTS        Name                           Load    Length   Top    Selector   Space  Class

                reset_vec                      000000  000004  000004         0       0  CODE    
                cstackCOMRAM                   000001  000056  000057         1       1  COMRAM  
                bssBANK0                       000060  000024  000084        60       1  BANK0   
                smallconst                     000F00  000022  000F22       780       0  SMALLCON
                text0                          000F22  00087C  00179E       791       0  CODE    


UNUSED ADDRESS RANGES

        Name                Unused          Largest block    Delta
        BANK0            000084-0000FF               7C
        BANK1            000100-0001FF              100
        BANK10           000A00-000AFF              100
        BANK11           000B00-000BFF              100
        BANK12           000C00-000CFF              100
        BANK13           000D00-000DFF              100
        BANK14           000E00-000E40               41
        BANK2            000200-0002FF              100
        BANK3            000300-0003FF              100
        BANK4            000400-0004FF              100
        BANK5            000500-0005FF              100
        BANK6            000600-0006FF              100
        BANK7            000700-0007FF              100
        BANK8            000800-0008FF              100
        BANK9            000900-0009FF              100
        BIGRAM           000057-00005F                9
                         000084-000E40              DBD
        BIGSFR           000E41-000FFF              1BF
        CODE             000004-000EFF              EFC
                         00179E-007FFF             6862
        COMRAM           000057-00005F                9
        CONST            000004-000EFF              EFC
                         00179E-007FFF             6862
        EEDATA           F00000-F003FF              400
        MEDIUMCONST      00179E-007FFF             6862
        RAM              000084-000E40              100
        SFR              000E41-000FFF               BF
        SMALLCONST       00179E-007FFF              100

                                  Symbol Table

EUSART1_SetErrorHandler@interruptHandler        cstackCOMRAM 000001
EUSART1_SetFramingErrorHandler@interruptHandler cstackCOMRAM 000001
EUSART1_SetOverrunErrorHandler@interruptHandler cstackCOMRAM 000001
I2C_CallbackReturnReset@funPtr                  cstackCOMRAM 00000A
I2C_Close@returnValue                           cstackCOMRAM 000001
I2C_MasterOperation@read                        cstackCOMRAM 000010
I2C_MasterOperation@returnValue                 cstackCOMRAM 000011
I2C_MasterSendTxData@data                       cstackCOMRAM 000001
I2C_Open@address                                cstackCOMRAM 000001
I2C_Open@returnValue                            cstackCOMRAM 000002
I2C_SetBuffer@buffer                            cstackCOMRAM 000001
I2C_SetBuffer@bufferSize                        cstackCOMRAM 000003
I2C_SetCallback@cb                              cstackCOMRAM 000001
I2C_SetCallback@idx                             cstackCOMRAM 000005
I2C_SetCallback@ptr                             cstackCOMRAM 000003
I2C_SetDataCompleteCallback@cb                  cstackCOMRAM 000006
I2C_SetDataCompleteCallback@ptr                 cstackCOMRAM 000008
_ANCON0                                         (abs)        000F5D
_ANCON1                                         (abs)        000F5C
_BAUDCON1                                       (abs)        000FA7
_EUSART1_DefaultErrorHandler                    (abs)        000000
_EUSART1_DefaultFramingErrorHandler             (abs)        000000
_EUSART1_DefaultOverrunErrorHandler             (abs)        000000
_EUSART1_ErrorHandler                           nvCOMRAM     000050
_EUSART1_FramingErrorHandler                    nvCOMRAM     000054
_EUSART1_Initialize                             text4        0014AA
_EUSART1_OverrunErrorHandler                    nvCOMRAM     000052
_EUSART1_SetErrorHandler                        text7        00171C
_EUSART1_SetFramingErrorHandler                 text6        001712
_EUSART1_SetOverrunErrorHandler                 text5        001708
_I2C_CallbackReturnReset                        text37       00177E
_I2C_CallbackReturnStop                         text38       001782
_I2C_Close                                      text50       001598
_I2C_DO_ADDRESS_NACK                            text14       0012EC
_I2C_DO_IDLE                                    text28       0016FC
_I2C_DO_RCEN                                    text23       0016F0
_I2C_DO_RESET                                   text15       0016E4
_I2C_DO_RX                                      text24       001138
_I2C_DO_RX_ACK                                  text18       001736
_I2C_DO_RX_NACK_RESTART                         text16       001726
_I2C_DO_RX_NACK_STOP                            text17       00172E
_I2C_DO_SEND_ADR_READ                           text27       0016C6
_I2C_DO_SEND_ADR_WRITE                          text26       0016B6
_I2C_DO_SEND_RESTART                            text20       001746
_I2C_DO_SEND_RESTART_READ                       text22       001756
_I2C_DO_SEND_RESTART_WRITE                      text21       00174E
_I2C_DO_SEND_STOP                               text19       00173E
_I2C_DO_TX                                      text25       001070
_I2C_DO_TX_EMPTY                                text29       00126E
_I2C_MasterClearIrq                             text53       00179A
_I2C_MasterClose                                text52       001796
_I2C_MasterDisableIrq                           text51       001792
_I2C_MasterEnableRestart                        text48       00178A
_I2C_MasterFsm                                  text13       001358
_I2C_MasterGetRxData                            text34       001776
_I2C_MasterIsNack                               text31       001680
_I2C_MasterOpen                                 text9        001610
_I2C_MasterOperation                            text10       001424
_I2C_MasterSendAck                              text33       001766
_I2C_MasterSendNack                             text35       00176C
_I2C_MasterSendTxData                           text32       00175E
_I2C_MasterSetIrq                               text30       001772
_I2C_MasterStart                                text49       00178E
_I2C_MasterStartRx                              text36       00177A
_I2C_MasterStop                                 text47       001786
_I2C_MasterWaitForEvent                         text12       0016A6
_I2C_Open                                       text8        0011E0
_I2C_Poller                                     text11       001632
_I2C_SetBuffer                                  text46       0015EC
_I2C_SetCallback                                text45       0013BE
_I2C_SetDataCompleteCallback                    text44       001668
_I2C_Status                                     bssBANK0     000060
_INTCON2bits                                    (abs)        000FF1
_INTCONbits                                     (abs)        000FF2
_LATA                                           (abs)        000F89
_LATB                                           (abs)        000F8A
_LATC                                           (abs)        000F8B
_OSCCON                                         (abs)        000FD3
_OSCCON2                                        (abs)        000FD2
_OSCILLATOR_Initialize                          text3        001694
_OSCTUNE                                        (abs)        000F9B
_PIE1bits                                       (abs)        000F9D
_PIN_MANAGER_Initialize                         text2        0015C4
_PIR1bits                                       (abs)        000F9E
_PIR2bits                                       (abs)        000FA1
_RCREG1                                         (abs)        000FAE
_RCSTA1                                         (abs)        000FAB
_RCSTA1bits                                     (abs)        000FAB
_REFOCON                                        (abs)        000F9A
_SPBRG1                                         (abs)        000FAF
_SPBRGH1                                        (abs)        000F7D
_SSPADD                                         (abs)        000FC8
_SSPBUF                                         (abs)        000FC9
_SSPCON1                                        (abs)        000FC6
_SSPCON1bits                                    (abs)        000FC6
_SSPCON2                                        (abs)        000FC5
_SSPCON2bits                                    (abs)        000FC5
_SSPSTAT                                        (abs)        000FC7
_SSPSTATbits                                    (abs)        000FC7
_SYSTEM_Initialize                              text1        0016D6
_TRISA                                          (abs)        000F92
_TRISB                                          (abs)        000F93
_TRISC                                          (abs)        000F94
_TXREG1                                         (abs)        000FAD
_TXSTA1                                         (abs)        000FAC
_TXSTA1bits                                     (abs)        000FAC
_WPUB                                           (abs)        000F5B
__HRAM                                          (abs)        000000
__H__absolute__                                 __absolute__ 000000
__Habs1                                         abs1         000000
__Hbank0                                        bank0        000000
__Hbank1                                        bank1        000000
__Hbank10                                       bank10       000000
__Hbank11                                       bank11       000000
__Hbank12                                       bank12       000000
__Hbank13                                       bank13       000000
__Hbank14                                       bank14       000000
__Hbank2                                        bank2        000000
__Hbank3                                        bank3        000000
__Hbank4                                        bank4        000000
__Hbank5                                        bank5        000000
__Hbank6                                        bank6        000000
__Hbank7                                        bank7        000000
__Hbank8                                        bank8        000000
__Hbank9                                        bank9        000000
__Hbigbss                                       bigbss       000000
__Hbigdata                                      bigdata      000000
__Hbigram                                       bigram       000000
__Hbigsfr                                       bigsfr       000000
__Hbss                                          bss          000000
__HbssBANK0                                     bssBANK0     000000
__HbssCOMRAM                                    bssCOMRAM    000000
__Hcinit                                        cinit        000000
__Hclrtext                                      clrtext      000000
__Hcomram                                       comram       000000
__Hconfig                                       config       30000E
__Hconst                                        const        000000
__HcstackCOMRAM                                 cstackCOMRAM 000000
__Hdata                                         data         000000
__Heeprom_data                                  eeprom_data  000000
__Hfarbss                                       farbss       000000
__Hfardata                                      fardata      000000
__Hheap                                         heap         000000
__Hibigdata                                     ibigdata     000000
__Hidata                                        idata        000000
__Hidloc                                        idloc        200008
__Hifardata                                     ifardata     000000
__Hinit                                         init         000004
__Hintcode                                      intcode      000000
__Hintcode_body                                 intcode_body 000000
__Hintcodelo                                    intcodelo    000000
__Hintentry                                     intentry     000000
__Hintret                                       intret       000000
__Hintsave_regs                                 intsave_regs 000000
__Hirdata                                       irdata       000000
__Hmediumconst                                  mediumconst  000000
__HnvCOMRAM                                     nvCOMRAM     000000
__HnvFARRAM                                     nvFARRAM     000000
__Hnvbit                                        nvbit        000000
__Hnvrram                                       nvrram       000000
__Hparam                                        rparam       000000
__Hpowerup                                      powerup      000000
__Hram                                          ram          000000
__Hramtop                                       ramtop       000F00
__Hrbit                                         rbit         000000
__Hrbss                                         rbss         000000
__Hrdata                                        rdata        000000
__Hreset_vec                                    reset_vec    000000
__Hrparam                                       rparam       000000
__Hsfr                                          sfr          000000
__Hsmallconst                                   smallconst   000F22
__Hspace_0                                      (abs)        00179E
__Hspace_1                                      (abs)        000084
__Hspace_2                                      (abs)        000000
__Hspace_4                                      (abs)        60000E
__Hstack                                        stack        000000
__Hstruct                                       struct       000000
__Htemp                                         temp         000000
__Htext                                         text         000000
__Htext0                                        text0        000000
__Htext1                                        text1        000000
__Htext10                                       text10       000000
__Htext11                                       text11       000000
__Htext12                                       text12       000000
__Htext13                                       text13       000000
__Htext14                                       text14       000000
__Htext15                                       text15       000000
__Htext16                                       text16       000000
__Htext17                                       text17       000000
__Htext18                                       text18       000000
__Htext19                                       text19       000000
__Htext2                                        text2        000000
__Htext20                                       text20       000000
__Htext21                                       text21       000000
__Htext22                                       text22       000000
__Htext23                                       text23       000000
__Htext24                                       text24       000000
__Htext25                                       text25       000000
__Htext26                                       text26       000000
__Htext27                                       text27       000000
__Htext28                                       text28       000000
__Htext29                                       text29       000000
__Htext3                                        text3        000000
__Htext30                                       text30       000000
__Htext31                                       text31       000000
__Htext32                                       text32       000000
__Htext33                                       text33       000000
__Htext34                                       text34       000000
__Htext35                                       text35       000000
__Htext36                                       text36       000000
__Htext37                                       text37       000000
__Htext38                                       text38       000000
__Htext39                                       text39       000000
__Htext4                                        text4        000000
__Htext40                                       text40       000000
__Htext41                                       text41       000000
__Htext42                                       text42       000000
__Htext43                                       text43       000000
__Htext44                                       text44       000000
__Htext45                                       text45       000000
__Htext46                                       text46       000000
__Htext47                                       text47       000000
__Htext48                                       text48       000000
__Htext49                                       text49       000000
__Htext5                                        text5        000000
__Htext50                                       text50       000000
__Htext51                                       text51       000000
__Htext52                                       text52       000000
__Htext53                                       text53       000000
__Htext54                                       text54       000000
__Htext6                                        text6        000000
__Htext7                                        text7        000000
__Htext8                                        text8        000000
__Htext9                                        text9        000000
__LRAM                                          (abs)        000001
__L__absolute__                                 __absolute__ 000000
__Labs1                                         abs1         000000
__Lbank0                                        bank0        000000
__Lbank1                                        bank1        000000
__Lbank10                                       bank10       000000
__Lbank11                                       bank11       000000
__Lbank12                                       bank12       000000
__Lbank13                                       bank13       000000
__Lbank14                                       bank14       000000
__Lbank2                                        bank2        000000
__Lbank3                                        bank3        000000
__Lbank4                                        bank4        000000
__Lbank5                                        bank5        000000
__Lbank6                                        bank6        000000
__Lbank7                                        bank7        000000
__Lbank8                                        bank8        000000
__Lbank9                                        bank9        000000
__Lbigbss                                       bigbss       000000
__Lbigdata                                      bigdata      000000
__Lbigram                                       bigram       000000
__Lbigsfr                                       bigsfr       000000
__Lbss                                          bss          000000
__LbssBANK0                                     bssBANK0     000000
__LbssCOMRAM                                    bssCOMRAM    000000
__Lcinit                                        cinit        000000
__Lclrtext                                      clrtext      000000
__Lcomram                                       comram       000000
__Lconfig                                       config       000000
__Lconst                                        const        000000
__LcstackCOMRAM                                 cstackCOMRAM 000000
__Ldata                                         data         000000
__Leeprom_data                                  eeprom_data  000000
__Lfarbss                                       farbss       000000
__Lfardata                                      fardata      000000
__Lheap                                         heap         000000
__Libigdata                                     ibigdata     000000
__Lidata                                        idata        000000
__Lidloc                                        idloc        000000
__Lifardata                                     ifardata     000000
__Linit                                         init         000000
__Lintcode                                      intcode      000000
__Lintcode_body                                 intcode_body 000000
__Lintcodelo                                    intcodelo    000000
__Lintentry                                     intentry     000000
__Lintret                                       intret       000000
__Lintsave_regs                                 intsave_regs 000000
__Lirdata                                       irdata       000000
__Lmediumconst                                  mediumconst  000000
__LnvCOMRAM                                     nvCOMRAM     000000
__LnvFARRAM                                     nvFARRAM     000000
__Lnvbit                                        nvbit        000000
__Lnvrram                                       nvrram       000000
__Lparam                                        rparam       000000
__Lpowerup                                      powerup      000000
__Lram                                          ram          000000
__Lramtop                                       ramtop       000F00
__Lrbit                                         rbit         000000
__Lrbss                                         rbss         000000
__Lrdata                                        rdata        000000
__Lreset_vec                                    reset_vec    000000
__Lrparam                                       rparam       000000
__Lsfr                                          sfr          000000
__Lsmallconst                                   smallconst   000F00
__Lspace_0                                      (abs)        000000
__Lspace_1                                      (abs)        000000
__Lspace_2                                      (abs)        000000
__Lspace_4                                      (abs)        000000
__Lstack                                        stack        000000
__Lstruct                                       struct       000000
__Ltemp                                         temp         000000
__Ltext                                         text         000000
__Ltext0                                        text0        000000
__Ltext1                                        text1        000000
__Ltext10                                       text10       000000
__Ltext11                                       text11       000000
__Ltext12                                       text12       000000
__Ltext13                                       text13       000000
__Ltext14                                       text14       000000
__Ltext15                                       text15       000000
__Ltext16                                       text16       000000
__Ltext17                                       text17       000000
__Ltext18                                       text18       000000
__Ltext19                                       text19       000000
__Ltext2                                        text2        000000
__Ltext20                                       text20       000000
__Ltext21                                       text21       000000
__Ltext22                                       text22       000000
__Ltext23                                       text23       000000
__Ltext24                                       text24       000000
__Ltext25                                       text25       000000
__Ltext26                                       text26       000000
__Ltext27                                       text27       000000
__Ltext28                                       text28       000000
__Ltext29                                       text29       000000
__Ltext3                                        text3        000000
__Ltext30                                       text30       000000
__Ltext31                                       text31       000000
__Ltext32                                       text32       000000
__Ltext33                                       text33       000000
__Ltext34                                       text34       000000
__Ltext35                                       text35       000000
__Ltext36                                       text36       000000
__Ltext37                                       text37       000000
__Ltext38                                       text38       000000
__Ltext39                                       text39       000000
__Ltext4                                        text4        000000
__Ltext40                                       text40       000000
__Ltext41                                       text41       000000
__Ltext42                                       text42       000000
__Ltext43                                       text43       000000
__Ltext44                                       text44       000000
__Ltext45                                       text45       000000
__Ltext46                                       text46       000000
__Ltext47                                       text47       000000
__Ltext48                                       text48       000000
__Ltext49                                       text49       000000
__Ltext5                                        text5        000000
__Ltext50                                       text50       000000
__Ltext51                                       text51       000000
__Ltext52                                       text52       000000
__Ltext53                                       text53       000000
__Ltext54                                       text54       000000
__Ltext6                                        text6        000000
__Ltext7                                        text7        000000
__Ltext8                                        text8        000000
__Ltext9                                        text9        000000
__S0                                            (abs)        00179E
__S1                                            (abs)        000084
__S4                                            (abs)        000000
__S5                                            (abs)        000000
___heap_hi                                      (abs)        000000
___heap_lo                                      (abs)        000000
___inthi_sp                                     stack        000000
___inthi_stack_hi                               stack        000000
___inthi_stack_lo                               stack        000000
___intlo_sp                                     stack        000000
___intlo_stack_hi                               stack        000000
___intlo_stack_lo                               stack        000000
___param_bank                                   (abs)        000000
___rparam_used                                  (abs)        000001
___sp                                           stack        000000
___stack_hi                                     stack        000000
___stack_lo                                     stack        000000
__accesstop                                     (abs)        000060
__activetblptr                                  (abs)        000002
__end_of_EUSART1_Initialize                     text4        0014E8
__end_of_EUSART1_SetErrorHandler                text7        001726
__end_of_EUSART1_SetFramingErrorHandler         text6        00171C
__end_of_EUSART1_SetOverrunErrorHandler         text5        001712
__end_of_I2C_CallbackReturnReset                text37       001782
__end_of_I2C_CallbackReturnStop                 text38       001786
__end_of_I2C_Close                              text50       0015C4
__end_of_I2C_DO_ADDRESS_NACK                    text14       001358
__end_of_I2C_DO_IDLE                            text28       001708
__end_of_I2C_DO_RCEN                            text23       0016FC
__end_of_I2C_DO_RESET                           text15       0016F0
__end_of_I2C_DO_RX                              text24       0011E0
__end_of_I2C_DO_RX_ACK                          text18       00173E
__end_of_I2C_DO_RX_NACK_RESTART                 text16       00172E
__end_of_I2C_DO_RX_NACK_STOP                    text17       001736
__end_of_I2C_DO_SEND_ADR_READ                   text27       0016D6
__end_of_I2C_DO_SEND_ADR_WRITE                  text26       0016C6
__end_of_I2C_DO_SEND_RESTART                    text20       00174E
__end_of_I2C_DO_SEND_RESTART_READ               text22       00175E
__end_of_I2C_DO_SEND_RESTART_WRITE              text21       001756
__end_of_I2C_DO_SEND_STOP                       text19       001746
__end_of_I2C_DO_TX                              text25       001138
__end_of_I2C_DO_TX_EMPTY                        text29       0012EC
__end_of_I2C_MasterClearIrq                     text53       00179E
__end_of_I2C_MasterClose                        text52       00179A
__end_of_I2C_MasterDisableIrq                   text51       001796
__end_of_I2C_MasterEnableRestart                text48       00178E
__end_of_I2C_MasterFsm                          text13       0013BE
__end_of_I2C_MasterGetRxData                    text34       00177A
__end_of_I2C_MasterIsNack                       text31       001694
__end_of_I2C_MasterOpen                         text9        001632
__end_of_I2C_MasterOperation                    text10       001468
__end_of_I2C_MasterSendAck                      text33       00176C
__end_of_I2C_MasterSendNack                     text35       001772
__end_of_I2C_MasterSendTxData                   text32       001766
__end_of_I2C_MasterSetIrq                       text30       001776
__end_of_I2C_MasterStart                        text49       001792
__end_of_I2C_MasterStartRx                      text36       00177E
__end_of_I2C_MasterStop                         text47       00178A
__end_of_I2C_MasterWaitForEvent                 text12       0016B6
__end_of_I2C_Open                               text8        00126E
__end_of_I2C_Poller                             text11       001650
__end_of_I2C_SetBuffer                          text46       001610
__end_of_I2C_SetCallback                        text45       001424
__end_of_I2C_SetDataCompleteCallback            text44       001680
__end_of_OSCILLATOR_Initialize                  text3        0016A6
__end_of_PIN_MANAGER_Initialize                 text2        0015EC
__end_of_SYSTEM_Initialize                      text1        0016E4
__end_of__initialization                        cinit        00165E
__end_of_i2c_fsmStateTable                      smallconst   000F21
__end_of_main                                   text0        001070
__end_of_rd1RegCompleteHandler                  text42       00156C
__end_of_rd2RegCompleteHandler                  text41       001540
__end_of_rdBlkRegCompleteHandler                text39       0014AA
__end_of_wr1RegCompleteHandler                  text40       001514
__end_of_wr2RegCompleteHandler                  text43       001598
__initialization                                cinit        001650
__mediumconst                                   mediumconst  000000
__pbssBANK0                                     bssBANK0     000060
__pbssCOMRAM                                    bssCOMRAM    000056
__pcinit                                        cinit        001650
__pcstackCOMRAM                                 cstackCOMRAM 000001
__pnvCOMRAM                                     nvCOMRAM     000050
__psmallconst                                   smallconst   000F00
__ptext0                                        text0        000F22
__ptext1                                        text1        0016D6
__ptext10                                       text10       001424
__ptext11                                       text11       001632
__ptext12                                       text12       0016A6
__ptext13                                       text13       001358
__ptext14                                       text14       0012EC
__ptext15                                       text15       0016E4
__ptext16                                       text16       001726
__ptext17                                       text17       00172E
__ptext18                                       text18       001736
__ptext19                                       text19       00173E
__ptext2                                        text2        0015C4
__ptext20                                       text20       001746
__ptext21                                       text21       00174E
__ptext22                                       text22       001756
__ptext23                                       text23       0016F0
__ptext24                                       text24       001138
__ptext25                                       text25       001070
__ptext26                                       text26       0016B6
__ptext27                                       text27       0016C6
__ptext28                                       text28       0016FC
__ptext29                                       text29       00126E
__ptext3                                        text3        001694
__ptext30                                       text30       001772
__ptext31                                       text31       001680
__ptext32                                       text32       00175E
__ptext33                                       text33       001766
__ptext34                                       text34       001776
__ptext35                                       text35       00176C
__ptext36                                       text36       00177A
__ptext37                                       text37       00177E
__ptext38                                       text38       001782
__ptext39                                       text39       001468
__ptext4                                        text4        0014AA
__ptext40                                       text40       0014E8
__ptext41                                       text41       001514
__ptext42                                       text42       001540
__ptext43                                       text43       00156C
__ptext44                                       text44       001668
__ptext45                                       text45       0013BE
__ptext46                                       text46       0015EC
__ptext47                                       text47       001786
__ptext48                                       text48       00178A
__ptext49                                       text49       00178E
__ptext5                                        text5        001708
__ptext50                                       text50       001598
__ptext51                                       text51       001792
__ptext52                                       text52       001796
__ptext53                                       text53       00179A
__ptext54                                       text54       000000
__ptext6                                        text6        001712
__ptext7                                        text7        00171C
__ptext8                                        text8        0011E0
__ptext9                                        text9        001610
__ramtop                                        ramtop       000F00
__smallconst                                    smallconst   000F00
_eusart1RxLastError                             bssCOMRAM    000056
_i2c_fsmStateTable                              smallconst   000F01
_main                                           text0        000F22
_rd1RegCompleteHandler                          text42       001540
_rd2RegCompleteHandler                          text41       001514
_rdBlkRegCompleteHandler                        text39       001468
_wr1RegCompleteHandler                          text40       0014E8
_wr2RegCompleteHandler                          text43       00156C
end_of_initialization                           cinit        00165E
intlevel0                                       text         000000
intlevel1                                       text         000000
intlevel2                                       text         000000
intlevel3                                       text         000000
isa$std                                         (abs)        000001
isa$xinst                                       (abs)        000000
main@addrR                                      cstackCOMRAM 000014
main@addrW                                      cstackCOMRAM 00003C
main@message                                    cstackCOMRAM 000028
rd1RegCompleteHandler@ptr                       cstackCOMRAM 00000A
rd2RegCompleteHandler@ptr                       cstackCOMRAM 00000A
rdBlkRegCompleteHandler@ptr                     cstackCOMRAM 00000A
stackhi                                         (abs)        000000
stacklo                                         (abs)        000000
start                                           init         000000
start_initialization                            cinit        001650
wr1RegCompleteHandler@ptr                       cstackCOMRAM 00000A
wr2RegCompleteHandler@ptr                       cstackCOMRAM 00000A


MODULE INFORMATION

Module		Function		Class		Link	Load	Size
mcc_generated_files/examples/i2c_master_example.c
		_wr1RegCompleteHandler		CODE           	14E8	0000	44
		_wr2RegCompleteHandler		CODE           	156C	0000	44
		_rdBlkRegCompleteHandler		CODE           	1468	0000	66
		_rd1RegCompleteHandler		CODE           	1540	0000	44
		_rd2RegCompleteHandler		CODE           	1514	0000	44

mcc_generated_files/examples/i2c_master_example.c estimated size: 242

mcc_generated_files/pin_manager.c
		_PIN_MANAGER_Initialize		CODE           	15C4	0000	40

mcc_generated_files/pin_manager.c estimated size: 40

shared
		__initialization		CODE           	1650	0000	14
		_i2c_fsmStateTable		SMALLCONST     	0F01	0000	32

shared estimated size: 46

mcc_generated_files/eusart1.c
		_EUSART1_Initialize		CODE           	14AA	0000	62
		_EUSART1_SetFramingErrorHandler		CODE           	1712	0000	10
		_EUSART1_SetOverrunErrorHandler		CODE           	1708	0000	10
		_EUSART1_SetErrorHandler		CODE           	171C	0000	10

mcc_generated_files/eusart1.c estimated size: 92

mcc_generated_files/mcc.c
		_OSCILLATOR_Initialize		CODE           	1694	0000	18
		_SYSTEM_Initialize		CODE           	16D6	0000	14

mcc_generated_files/mcc.c estimated size: 32

mcc_generated_files/i2c_master.c
		_I2C_Close     		CODE           	1598	0000	44
		_I2C_MasterStartRx		CODE           	177A	0000	4
		_I2C_DO_SEND_ADR_WRITE		CODE           	16B6	0000	16
		_I2C_MasterWaitForEvent		CODE           	16A6	0000	16
		_I2C_DO_SEND_STOP		CODE           	173E	0000	8
		_I2C_MasterSendNack		CODE           	176C	0000	6
		_I2C_MasterDisableIrq		CODE           	1792	0000	4
		_I2C_CallbackReturnStop		CODE           	1782	0000	4
		_I2C_MasterOperation		CODE           	1424	0000	68
		_I2C_DO_SEND_ADR_READ		CODE           	16C6	0000	16
		_I2C_DO_RX_NACK_STOP		CODE           	172E	0000	8
		_I2C_DO_SEND_RESTART		CODE           	1746	0000	8
		_I2C_DO_RX     		CODE           	1138	0000	168
		_I2C_DO_TX     		CODE           	1070	0000	200
		_I2C_DO_IDLE   		CODE           	16FC	0000	12
		_I2C_DO_RCEN   		CODE           	16F0	0000	12
		_I2C_Poller    		CODE           	1632	0000	30
		_I2C_DO_RESET  		CODE           	16E4	0000	12
		_I2C_MasterClose		CODE           	1796	0000	4
		_I2C_DO_RX_ACK 		CODE           	1736	0000	8
		_I2C_MasterStart		CODE           	178E	0000	4
		_I2C_MasterClearIrq		CODE           	179A	0000	4
		_I2C_MasterGetRxData		CODE           	1776	0000	4
		_I2C_SetCallback		CODE           	13BE	0000	102
		_I2C_DO_ADDRESS_NACK		CODE           	12EC	0000	108
		_I2C_MasterEnableRestart		CODE           	178A	0000	4
		_I2C_CallbackReturnReset		CODE           	177E	0000	4
		_I2C_Open      		CODE           	11E0	0000	142
		_I2C_DO_TX_EMPTY		CODE           	126E	0000	126
		_I2C_DO_SEND_RESTART_WRITE		CODE           	174E	0000	8
		_I2C_MasterIsNack		CODE           	1680	0000	20
		_I2C_SetDataCompleteCallback		CODE           	1668	0000	24
		_I2C_DO_RX_NACK_RESTART		CODE           	1726	0000	8
		_I2C_MasterSendAck		CODE           	1766	0000	6
		_I2C_MasterFsm 		CODE           	1358	0000	102
		_I2C_MasterSetIrq		CODE           	1772	0000	4
		_I2C_DO_SEND_RESTART_READ		CODE           	1756	0000	8
		_I2C_SetBuffer 		CODE           	15EC	0000	36
		_I2C_MasterOpen		CODE           	1610	0000	34
		_I2C_MasterSendTxData		CODE           	175E	0000	8
		_I2C_MasterStop		CODE           	1786	0000	4

mcc_generated_files/i2c_master.c estimated size: 1408

main.c
		_main          		CODE           	0F22	0000	334

main.c estimated size: 334

